
> wavv-backend@1.0.0 test
> jest --runInBand

  console.log
    ≡ƒöì Starting server...

      at log (D:\Abishek Bimali\wavv (2)../../../../wavv/server/server.js:121:13)

  console.log
    ≡ƒôí Testing database connection...

      at log (D:\Abishek Bimali\wavv (2)../../../../wavv/server/server.js:124:13)

  console.log
    Γ£à Database connection successful

      at log (D:\Abishek Bimali\wavv (2)../../../../wavv/server/server.js:126:13)

  console.log
    ≡ƒôï Checking if tables exist...

      at log (D:\Abishek Bimali\wavv (2)../../../../wavv/server/server.js:129:13)

  console.log
    Γ£à Tables check result: true

      at log (D:\Abishek Bimali\wavv (2)../../../../wavv/server/server.js:131:13)

  console.log
    ≡ƒÜÇ Starting HTTP server...

      at log (D:\Abishek Bimali\wavv (2)../../../../wavv/server/server.js:143:13)

  console.log
    Γ£à Server running on port 5000

      at Server.log (D:\Abishek Bimali\wavv (2)../../../../wavv/server/server.js:145:15)

  console.log
    ≡ƒîÉ API available at http://localhost:5000/api

      at Server.log (D:\Abishek Bimali\wavv (2)../../../../wavv/server/server.js:146:15)

node.exe : FAIL tests/bookings.test.js
At C:\Program Files\nodejs\npm.ps1:29 char:3
+   & $NODE_EXE $NPM_CLI_JS $args
+   ~~~~~~~~~~~~~~~~~~~~~~~~~~~~~
    + CategoryInfo          : NotSpecified: (FAIL tests/b 
   ookings.test.js:String) [], RemoteException
    + FullyQualifiedErrorId : NativeCommandError
 
  GET /api/bookings/my-bookings
    ├ù should return bookings for the authenticated user 
(38 ms)
    ΓêÜ should return 401 if no token is provided (4 ms)

  ΓùÅ GET /api/bookings/my-bookings ΓÇ║ should return 
bookings for the authenticated user

    expected 200 "OK", got 500 "Internal Server Error"

    [0m [90m 17 |[39m       [33m.[39m[36mget[39m([
32m'/api/bookings/my-bookings'[39m)
     [90m 18 |[39m       [33m.[39m[36mset[39m([32m'
Authorization'[39m[33m,[39m [32m`Bearer 
${token}`[39m)
    [31m[1m>[22m[39m[90m 19 |[39m       
[33m.[39mexpect([35m200[39m)[33m;[39m
     [90m    |[39m        [31m[1m^[22m[39m
     [90m 20 |[39m     expect(res[33m.[39mbody)[33m.
[39mtoHaveProperty([32m'bookings'[39m)[33m;[39m
     [90m 21 |[39m     expect([33mArray[39m[33m.[39m
isArray(res[33m.[39mbody[33m.[39mbookings))[33m.[39m
toBe([36mtrue[39m)[33m;[39m
     [90m 22 |[39m   })[33m;[39m[0m

      at Object.expect (D:\Abishek Bimali\wavv 
(2)../../../../wavv/server/tests/bookings.test.js:19:8)
      ----
      at Test._assertStatus (D:\Abishek Bimali\wavv (2)../
../../../wavv/server/node_modules/supertest/lib/test.js:30
9:14)
      at D:\Abishek Bimali\wavv (2)../../../../wavv/server
/node_modules/supertest/lib/test.js:365:13
      at Test._assertFunction (D:\Abishek Bimali\wavv (2).
./../../../wavv/server/node_modules/supertest/lib/test.js:
342:13)
      at Test.assert (D:\Abishek Bimali\wavv (2)../../../.
./wavv/server/node_modules/supertest/lib/test.js:195:23)
      at localAssert (D:\Abishek Bimali\wavv (2)../../../.
./wavv/server/node_modules/supertest/lib/test.js:138:14)
      at Server.<anonymous> (D:\Abishek Bimali\wavv (2)../
../../../wavv/server/node_modules/supertest/lib/test.js:15
2:11)

Test Suites: 1 failed, 1 total
Tests:       1 failed, 1 passed, 2 total
Snapshots:   0 total
Time:        0.583 s, estimated 1 s
Ran all test suites.
Jest did not exit one second after the test run has 
completed.

'This usually means that there are asynchronous 
operations that weren't stopped in your tests. Consider 
running Jest with `--detectOpenHandles` to troubleshoot 
this issue.
